******************************************************************************
                  TI ARM Linker PC v20.2.4                     
******************************************************************************
>> Linked Fri Feb  5 21:10:46 2021

OUTPUT FILE NAME:   <ece230project6BrothertonC.out>
ENTRY POINT SYMBOL: "_c_int00_noargs"  address: 00000fb5


MEMORY CONFIGURATION

         name            origin    length      used     unused   attr    fill
----------------------  --------  ---------  --------  --------  ----  --------
  MAIN                  00000000   00040000  00001254  0003edac  R  X
  INFO                  00200000   00004000  00000000  00004000  R  X
  SRAM_CODE             01000000   00010000  0000021c  0000fde4  RW X
  SRAM_DATA             20000000   00010000  0000021c  0000fde4  RW  


SEGMENT ALLOCATION MAP

run origin  load origin   length   init length attrs members
----------  ----------- ---------- ----------- ----- -------
00000000    00000000    00001254   00001254    r-x
  00000000    00000000    000000e4   000000e4    r-- .intvecs
  000000e4    000000e4    000010dc   000010dc    r-x .text
  000011c0    000011c0    00000080   00000080    r-- .const
  00001240    00001240    00000014   00000014    r-- .cinit
20000000    20000000    0000001c   00000000    rw-
  20000000    20000000    0000001c   00000000    rw- .bss
2000fe00    2000fe00    00000200   00000000    rw-
  2000fe00    2000fe00    00000200   00000000    rw- .stack


SECTION ALLOCATION MAP

 output                                  attributes/
section   page    origin      length       input sections
--------  ----  ----------  ----------   ----------------
.intvecs   0    00000000    000000e4     
                  00000000    000000e4     startup_msp432p401r_ccs.obj (.intvecs:retain)

.text      0    000000e4    000010dc     
                  000000e4    00000448     main.obj (.text:loop)
                  0000052c    0000011c     msp432p4xx_driverlib.lib : uart.o (.text:UART_initModule)
                  00000648    00000104                              : cs.o (.text:_CSComputeCLKFrequency)
                  0000074c    000000f8                              : cs.o (.text:CS_getDCOFrequency)
                  00000844    000000d4     main.obj (.text:setup)
                  00000918    00000094     msp432p4xx_driverlib.lib : sysctl_a.o (.text:SysCtl_A_getTLVInfo)
                  000009ac    00000088                              : gpio.o (.text:GPIO_setAsPeripheralModuleFunctionInputPin)
                  00000a34    00000080                              : interrupt.o (.text:Interrupt_enableInterrupt)
                  00000ab4    0000007c                              : cs.o (.text:_CSGetDOCFrequency)
                  00000b30    0000007a     rtsv7M4_T_le_v4SPD16_eabi.lib : memset_t2.asm.obj (.text)
                  00000baa    00000002     startup_msp432p401r_ccs.obj (.text:Default_Handler)
                  00000bac    00000078     main.obj (.text:EUSCIB0_IRQHandler)
                  00000c24    00000078     system_msp432p401r.obj (.text:SystemInit)
                  00000c9c    0000006c     msp432p4xx_driverlib.lib : i2c.o (.text:I2C_masterSendMultiByteFinish)
                  00000d08    00000068                              : i2c.o (.text:I2C_masterSendMultiByteStart)
                  00000d70    00000068                              : timer32.o (.text:Timer32_initModule)
                  00000dd8    00000062                              : i2c.o (.text:I2C_initMaster)
                  00000e3a    00000062                              : cs.o (.text:_CSGetDividerValue)
                  00000e9c    00000044     rtsv7M4_T_le_v4SPD16_eabi.lib : autoinit.c.obj (.text:__TI_auto_init_nobinit_nopinit:__TI_auto_init_nobinit_nopinit)
                  00000ee0    00000038     msp432p4xx_driverlib.lib : timer32.o (.text:Timer32_startTimer)
                  00000f18    00000034                              : cs.o (.text:CS_setDCOCenteredFrequency)
                  00000f4c    00000034                              : timer32.o (.text:Timer32_setCount)
                  00000f80    00000034                              : uart.o (.text:UART_transmitData)
                  00000fb4    00000034     rtsv7M4_T_le_v4SPD16_eabi.lib : boot_cortex_m.c.obj (.text:_c_int00_noargs:_c_int00_noargs)
                  00000fe8    00000030     msp432p4xx_driverlib.lib : cs.o (.text:CS_clearInterruptFlag)
                  00001018    00000028                              : cs.o (.text:CS_getMCLK)
                  00001040    00000024                              : wdt_a.o (.text:WDT_A_holdTimer)
                  00001064    0000001c     rtsv7M4_T_le_v4SPD16_eabi.lib : copy_zero_init.c.obj (.text:decompress:ZI:__TI_zero_init_nomemset:__TI_zero_init_nomemset)
                  00001080    0000001a     msp432p4xx_driverlib.lib : i2c.o (.text:I2C_masterReceiveStart)
                  0000109a    00000018                              : i2c.o (.text:I2C_getInterruptStatus)
                  000010b2    00000002     --HOLE-- [fill = 0]
                  000010b4    00000018                              : i2c.o (.text:I2C_masterIsStopSent)
                  000010cc    00000018                              : i2c.o (.text:I2C_masterReceiveMultiByteStop)
                  000010e4    00000016                              : i2c.o (.text:I2C_disableInterrupt)
                  000010fa    00000016                              : i2c.o (.text:I2C_enableInterrupt)
                  00001110    00000016                              : i2c.o (.text:I2C_enableModule)
                  00001126    00000016                              : uart.o (.text:UART_enableModule)
                  0000113c    00000014                              : i2c.o (.text:I2C_masterReceiveMultiByteNext)
                  00001150    00000014                              : i2c.o (.text:I2C_setSlaveAddress)
                  00001164    00000010                              : i2c.o (.text:I2C_getEnabledInterruptStatus)
                  00001174    00000010                              : interrupt.o (.text:Interrupt_disableSleepOnIsrExit)
                  00001184    00000010                              : interrupt.o (.text:Interrupt_enableMaster)
                  00001194    0000000c                              : cpu.o (.text:CPU_cpsie)
                  000011a0    0000000c     startup_msp432p401r_ccs.obj (.text:Reset_Handler)
                  000011ac    0000000c     main.obj (.text:main)
                  000011b8    00000004     rtsv7M4_T_le_v4SPD16_eabi.lib : pre_init.c.obj (.text:_system_pre_init)
                  000011bc    00000004                                   : exit.c.obj (.text:abort:abort)

.const     0    000011c0    00000080     
                  000011c0    00000030     msp432p4xx_driverlib.lib : gpio.o (.const:GPIO_PORT_TO_BASE)
                  000011f0    00000028     main.obj (.const:uartConfig)
                  00001218    00000014     main.obj (.const:i2cConfig)
                  0000122c    0000000a     main.obj (.const:.string:$P$T0$1)
                  00001236    00000002     --HOLE-- [fill = 0]
                  00001238    00000008     msp432p4xx_driverlib.lib : interrupt.o (.const:g_pulEnRegs)

.cinit     0    00001240    00000014     
                  00001240    00000008     (.cinit..bss.load) [load image, compression = zero_init]
                  00001248    00000004     (__TI_handler_table)
                  0000124c    00000008     (__TI_cinit_table)

.init_array 
*          0    00000000    00000000     UNINITIALIZED

.binit     0    00000000    00000000     

.bss       0    20000000    0000001c     UNINITIALIZED
                  20000000    0000000c     main.obj (.bss)
                  2000000c    00000008     main.obj (.bss:RXData)
                  20000014    00000008     msp432p4xx_driverlib.lib : cs.o (.bss)

.stack     0    2000fe00    00000200     UNINITIALIZED
                  2000fe00    00000004     rtsv7M4_T_le_v4SPD16_eabi.lib : boot_cortex_m.c.obj (.stack)
                  2000fe04    000001fc     --HOLE--

__llvm_prf_cnts 
*          0    20000000    00000000     UNINITIALIZED

MODULE SUMMARY

       Module                        code   ro data   rw data
       ------                        ----   -------   -------
    .\
       main.obj                      1440   70        40     
       system_msp432p401r.obj        120    0         0      
    +--+-----------------------------+------+---------+---------+
       Total:                        1560   70        40     
                                                             
    .\ccs\
       startup_msp432p401r_ccs.obj   14     228       0      
    +--+-----------------------------+------+---------+---------+
       Total:                        14     228       0      
                                                             
    C:/ti/simplelink_msp432p4_sdk_3_40_01_02/source/ti/devices/msp432p4xx/driverlib/ccs/msp432p4xx_driverlib.lib
       cs.o                          870    0         16     
       i2c.o                         530    0         0      
       uart.o                        358    0         0      
       timer32.o                     212    0         0      
       gpio.o                        136    48        0      
       interrupt.o                   160    8         0      
       sysctl_a.o                    148    0         0      
       wdt_a.o                       36     0         0      
       cpu.o                         12     0         0      
    +--+-----------------------------+------+---------+---------+
       Total:                        2462   56        16     
                                                             
    C:\ti\ccs1011\ccs\tools\compiler\ti-cgt-arm_20.2.4.LTS\lib\rtsv7M4_T_le_v4SPD16_eabi.lib
       memset_t2.asm.obj             122    0         0      
       autoinit.c.obj                68     0         0      
       boot_cortex_m.c.obj           52     0         0      
       copy_zero_init.c.obj          28     0         0      
       exit.c.obj                    4      0         0      
       pre_init.c.obj                4      0         0      
    +--+-----------------------------+------+---------+---------+
       Total:                        278    0         0      
                                                             
       Stack:                        0      0         1024   
       Linker Generated:             0      20        0      
    +--+-----------------------------+------+---------+---------+
       Grand Total:                  4314   374       1080   


LINKER GENERATED COPY TABLES

__TI_cinit_table @ 0000124c records: 1, size/record: 8, table size: 8
	.bss: load addr=00001240, load size=00000008 bytes, run addr=20000000, run size=0000001c bytes, compression=zero_init


LINKER GENERATED HANDLER TABLE

__TI_handler_table @ 00001248 records: 1, size/record: 4, table size: 4
	index: 0, handler: __TI_zero_init


GLOBAL SYMBOLS: SORTED ALPHABETICALLY BY Name 

address   name                                      
-------   ----                                      
00000bab  ADC14_IRQHandler                          
00000bab  AES256_IRQHandler                         
00000bab  BusFault_Handler                          
000011bd  C$$EXIT                                   
00000bab  COMP_E0_IRQHandler                        
00000bab  COMP_E1_IRQHandler                        
00001195  CPU_cpsie                                 
00000bab  CS_IRQHandler                             
00000fe9  CS_clearInterruptFlag                     
0000074d  CS_getDCOFrequency                        
00001019  CS_getMCLK                                
00000f19  CS_setDCOCenteredFrequency                
00000bab  DMA_ERR_IRQHandler                        
00000bab  DMA_INT0_IRQHandler                       
00000bab  DMA_INT1_IRQHandler                       
00000bab  DMA_INT2_IRQHandler                       
00000bab  DMA_INT3_IRQHandler                       
00000bab  DebugMon_Handler                          
00000bab  Default_Handler                           
00000bab  EUSCIA0_IRQHandler                        
00000bab  EUSCIA1_IRQHandler                        
00000bab  EUSCIA2_IRQHandler                        
00000bab  EUSCIA3_IRQHandler                        
00000bad  EUSCIB0_IRQHandler                        
00000bad  EUSCIB0_IRQHandler                        
00000bab  EUSCIB1_IRQHandler                        
00000bab  EUSCIB2_IRQHandler                        
00000bab  EUSCIB3_IRQHandler                        
00000bab  FLCTL_IRQHandler                          
00000bab  FPU_IRQHandler                            
000009ad  GPIO_setAsPeripheralModuleFunctionInputPin
00000bab  HardFault_Handler                         
000010e5  I2C_disableInterrupt                      
000010fb  I2C_enableInterrupt                       
00001111  I2C_enableModule                          
00001165  I2C_getEnabledInterruptStatus             
0000109b  I2C_getInterruptStatus                    
00000dd9  I2C_initMaster                            
000010b5  I2C_masterIsStopSent                      
0000113d  I2C_masterReceiveMultiByteNext            
000010cd  I2C_masterReceiveMultiByteStop            
00001081  I2C_masterReceiveStart                    
00000c9d  I2C_masterSendMultiByteFinish             
00000d09  I2C_masterSendMultiByteStart              
00001151  I2C_setSlaveAddress                       
00001175  Interrupt_disableSleepOnIsrExit           
00000a35  Interrupt_enableInterrupt                 
00001185  Interrupt_enableMaster                    
00000bab  MemManage_Handler                         
00000bab  NMI_Handler                               
00000bab  PCM_IRQHandler                            
00000bab  PORT1_IRQHandler                          
00000bab  PORT2_IRQHandler                          
00000bab  PORT3_IRQHandler                          
00000bab  PORT4_IRQHandler                          
00000bab  PORT5_IRQHandler                          
00000bab  PORT6_IRQHandler                          
00000bab  PSS_IRQHandler                            
00000bab  PendSV_Handler                            
00000bab  RTC_C_IRQHandler                          
000011a1  Reset_Handler                             
00000bab  SVC_Handler                               
00000919  SysCtl_A_getTLVInfo                       
00000bab  SysTick_Handler                           
00000c25  SystemInit                                
00000bab  T32_INT1_IRQHandler                       
00000bab  T32_INT2_IRQHandler                       
00000bab  T32_INTC_IRQHandler                       
00000bab  TA0_0_IRQHandler                          
00000bab  TA0_N_IRQHandler                          
00000bab  TA1_0_IRQHandler                          
00000bab  TA1_N_IRQHandler                          
00000bab  TA2_0_IRQHandler                          
00000bab  TA2_N_IRQHandler                          
00000bab  TA3_0_IRQHandler                          
00000bab  TA3_N_IRQHandler                          
00000d71  Timer32_initModule                        
00000f4d  Timer32_setCount                          
00000ee1  Timer32_startTimer                        
00001127  UART_enableModule                         
0000052d  UART_initModule                           
00000f81  UART_transmitData                         
00000bab  UsageFault_Handler                        
4000480c  WDTCTL_SYM                                
00000bab  WDT_A_IRQHandler                          
00001041  WDT_A_holdTimer                           
20010000  __STACK_END                               
00000200  __STACK_SIZE                              
0000124c  __TI_CINIT_Base                           
00001254  __TI_CINIT_Limit                          
00001248  __TI_Handler_Table_Base                   
0000124c  __TI_Handler_Table_Limit                  
00000e9d  __TI_auto_init_nobinit_nopinit            
ffffffff  __TI_pprof_out_hndl                       
ffffffff  __TI_prof_data_size                       
ffffffff  __TI_prof_data_start                      
00000000  __TI_static_base__                        
00001065  __TI_zero_init_nomemset                   
00000b31  __aeabi_memclr                            
00000b31  __aeabi_memclr4                           
00000b31  __aeabi_memclr8                           
00000b33  __aeabi_memset                            
00000b33  __aeabi_memset4                           
00000b33  __aeabi_memset8                           
ffffffff  __binit__                                 
ffffffff  __c_args__                                
UNDEFED   __mpu_init                                
2000fe00  __stack                                   
20000000  __start___llvm_prf_cnts                   
20000000  __stop___llvm_prf_cnts                    
00000fb5  _c_int00_noargs                           
UNDEFED   _system_post_cinit                        
000011b9  _system_pre_init                          
000011bd  abort                                     
ffffffff  binit                                     
00001218  i2cConfig                                 
00000000  interruptVectors                          
000000e5  loop                                      
000011ad  main                                      
00000b39  memset                                    
00000845  setup                                     
000011f0  uartConfig                                


GLOBAL SYMBOLS: SORTED BY Symbol Address 

address   name                                      
-------   ----                                      
00000000  __TI_static_base__                        
00000000  interruptVectors                          
000000e5  loop                                      
00000200  __STACK_SIZE                              
0000052d  UART_initModule                           
0000074d  CS_getDCOFrequency                        
00000845  setup                                     
00000919  SysCtl_A_getTLVInfo                       
000009ad  GPIO_setAsPeripheralModuleFunctionInputPin
00000a35  Interrupt_enableInterrupt                 
00000b31  __aeabi_memclr                            
00000b31  __aeabi_memclr4                           
00000b31  __aeabi_memclr8                           
00000b33  __aeabi_memset                            
00000b33  __aeabi_memset4                           
00000b33  __aeabi_memset8                           
00000b39  memset                                    
00000bab  ADC14_IRQHandler                          
00000bab  AES256_IRQHandler                         
00000bab  BusFault_Handler                          
00000bab  COMP_E0_IRQHandler                        
00000bab  COMP_E1_IRQHandler                        
00000bab  CS_IRQHandler                             
00000bab  DMA_ERR_IRQHandler                        
00000bab  DMA_INT0_IRQHandler                       
00000bab  DMA_INT1_IRQHandler                       
00000bab  DMA_INT2_IRQHandler                       
00000bab  DMA_INT3_IRQHandler                       
00000bab  DebugMon_Handler                          
00000bab  Default_Handler                           
00000bab  EUSCIA0_IRQHandler                        
00000bab  EUSCIA1_IRQHandler                        
00000bab  EUSCIA2_IRQHandler                        
00000bab  EUSCIA3_IRQHandler                        
00000bab  EUSCIB1_IRQHandler                        
00000bab  EUSCIB2_IRQHandler                        
00000bab  EUSCIB3_IRQHandler                        
00000bab  FLCTL_IRQHandler                          
00000bab  FPU_IRQHandler                            
00000bab  HardFault_Handler                         
00000bab  MemManage_Handler                         
00000bab  NMI_Handler                               
00000bab  PCM_IRQHandler                            
00000bab  PORT1_IRQHandler                          
00000bab  PORT2_IRQHandler                          
00000bab  PORT3_IRQHandler                          
00000bab  PORT4_IRQHandler                          
00000bab  PORT5_IRQHandler                          
00000bab  PORT6_IRQHandler                          
00000bab  PSS_IRQHandler                            
00000bab  PendSV_Handler                            
00000bab  RTC_C_IRQHandler                          
00000bab  SVC_Handler                               
00000bab  SysTick_Handler                           
00000bab  T32_INT1_IRQHandler                       
00000bab  T32_INT2_IRQHandler                       
00000bab  T32_INTC_IRQHandler                       
00000bab  TA0_0_IRQHandler                          
00000bab  TA0_N_IRQHandler                          
00000bab  TA1_0_IRQHandler                          
00000bab  TA1_N_IRQHandler                          
00000bab  TA2_0_IRQHandler                          
00000bab  TA2_N_IRQHandler                          
00000bab  TA3_0_IRQHandler                          
00000bab  TA3_N_IRQHandler                          
00000bab  UsageFault_Handler                        
00000bab  WDT_A_IRQHandler                          
00000bad  EUSCIB0_IRQHandler                        
00000bad  EUSCIB0_IRQHandler                        
00000c25  SystemInit                                
00000c9d  I2C_masterSendMultiByteFinish             
00000d09  I2C_masterSendMultiByteStart              
00000d71  Timer32_initModule                        
00000dd9  I2C_initMaster                            
00000e9d  __TI_auto_init_nobinit_nopinit            
00000ee1  Timer32_startTimer                        
00000f19  CS_setDCOCenteredFrequency                
00000f4d  Timer32_setCount                          
00000f81  UART_transmitData                         
00000fb5  _c_int00_noargs                           
00000fe9  CS_clearInterruptFlag                     
00001019  CS_getMCLK                                
00001041  WDT_A_holdTimer                           
00001065  __TI_zero_init_nomemset                   
00001081  I2C_masterReceiveStart                    
0000109b  I2C_getInterruptStatus                    
000010b5  I2C_masterIsStopSent                      
000010cd  I2C_masterReceiveMultiByteStop            
000010e5  I2C_disableInterrupt                      
000010fb  I2C_enableInterrupt                       
00001111  I2C_enableModule                          
00001127  UART_enableModule                         
0000113d  I2C_masterReceiveMultiByteNext            
00001151  I2C_setSlaveAddress                       
00001165  I2C_getEnabledInterruptStatus             
00001175  Interrupt_disableSleepOnIsrExit           
00001185  Interrupt_enableMaster                    
00001195  CPU_cpsie                                 
000011a1  Reset_Handler                             
000011ad  main                                      
000011b9  _system_pre_init                          
000011bd  C$$EXIT                                   
000011bd  abort                                     
000011f0  uartConfig                                
00001218  i2cConfig                                 
00001248  __TI_Handler_Table_Base                   
0000124c  __TI_CINIT_Base                           
0000124c  __TI_Handler_Table_Limit                  
00001254  __TI_CINIT_Limit                          
20000000  __start___llvm_prf_cnts                   
20000000  __stop___llvm_prf_cnts                    
2000fe00  __stack                                   
20010000  __STACK_END                               
4000480c  WDTCTL_SYM                                
ffffffff  __TI_pprof_out_hndl                       
ffffffff  __TI_prof_data_size                       
ffffffff  __TI_prof_data_start                      
ffffffff  __binit__                                 
ffffffff  __c_args__                                
ffffffff  binit                                     
UNDEFED   __mpu_init                                
UNDEFED   _system_post_cinit                        

[122 symbols]
